<?xml version="1.0" encoding="utf-8"?><testsuites name="pytest tests"><testsuite name="pytest" errors="0" failures="0" skipped="0" tests="104" time="29.386" timestamp="2026-09-23T12:48:23.982680-05:00" hostname="DESKTOP-0RPV9L4"><testcase classname="tests.test_aliases" name="test_alias_yaml_is_consistent" time="0.031" /><testcase classname="tests.test_aliases" name="test_every_metric_has_datatype_and_tags" time="0.026" /><testcase classname="tests.test_aliases" name="test_no_tag_maps_to_two_metrics_except_combined_concepts" time="0.027" /><testcase classname="tests.test_aliases" name="test_priorities_are_contiguous_per_metric" time="0.025" /><testcase classname="tests.test_aliases" name="test_dei_prefix_parsed_into_taxonomy" time="0.025" /><testcase classname="tests.test_aliases" name="test_parse_formula" time="0.001" /><testcase classname="tests.test_aliases" name="test_alias_table_and_sic_map_load" time="0.151" /><testcase classname="tests.test_aliases" name="test_sic_ranges_do_not_overlap" time="0.108" /><testcase classname="tests.test_bench_tools" name="test_optimization_report_renders_from_saved_results" time="0.020" /><testcase classname="tests.test_bench_tools" name="test_final_table_signs" time="0.001" /><testcase classname="tests.test_bench_tools" name="test_save_plans_writes_cold_and_warm_files" time="5.896" /><testcase classname="tests.test_bench_tools" name="test_optimization_md_renders_all_sections" time="0.064" /><testcase classname="tests.test_cli_registry_report" name="test_cli_parser_commands" time="0.013" /><testcase classname="tests.test_cli_registry_report" name="test_rules_have_unique_ids_and_full_headers" time="0.014" /><testcase classname="tests.test_cli_registry_report" name="test_parse_rule_rejects_missing_header" time="0.008" /><testcase classname="tests.test_cli_registry_report" name="test_rule_params_render_sql_literals" time="0.008" /><testcase classname="tests.test_cli_registry_report" name="test_split_statements_respects_quotes_and_comments" time="0.001" /><testcase classname="tests.test_cli_registry_report" name="test_report_markdown_renders" time="0.001" /><testcase classname="tests.test_cli_registry_report" name="test_pct_percentiles" time="0.002" /><testcase classname="tests.test_cli_registry_report" name="test_metrics_template_renders_from_saved_json" time="0.278" /><testcase classname="tests.test_dashboard" name="test_dashboard_renders_all_tabs" time="6.918" /><testcase classname="tests.test_dashboard" name="test_queries_are_parameterised_and_named" time="0.002" /><testcase classname="tests.test_dashboard" name="test_edgar_url_format" time="0.002" /><testcase classname="tests.test_download" name="test_user_agent_contains_contact" time="0.002" /><testcase classname="tests.test_download" name="test_rate_limiter_enforces_interval" time="0.103" /><testcase classname="tests.test_download" name="test_full_download_records_manifest" time="0.537" /><testcase classname="tests.test_download" name="test_resume_from_partial_file" time="0.527" /><testcase classname="tests.test_download" name="test_server_ignoring_range_triggers_restart" time="0.516" /><testcase classname="tests.test_download" name="test_retries_then_succeeds" time="0.545" /><testcase classname="tests.test_download" name="test_gives_up_after_max_retries" time="0.527" /><testcase classname="tests.test_download" name="test_quarter_window_and_urls" time="0.001" /><testcase classname="tests.test_integration_real_data" name="test_normalized_values_match_real_filings" time="0.076" /><testcase classname="tests.test_integration_real_data" name="test_ratios_match_hand_computed" time="0.005" /><testcase classname="tests.test_integration_real_data" name="test_every_ratio_row_has_value_or_reason" time="0.013" /><testcase classname="tests.test_integration_real_data" name="test_restatements_keep_both_versions_with_single_authoritative" time="0.028" /><testcase classname="tests.test_integration_real_data" name="test_dq_summary_has_every_rule_file" time="0.014" /><testcase classname="tests.test_integration_real_data" name="test_normalized_grain_is_unique" time="0.157" /><testcase classname="tests.test_load" name="test_extract_and_parse_round_trip" time="0.116" /><testcase classname="tests.test_load" name="test_header_mismatch_is_rejected" time="0.024" /><testcase classname="tests.test_load" name="test_load_quarter_is_idempotent" time="0.268" /><testcase classname="tests.test_optimization_equivalence" name="test_same_companies_values_and_periods_per_ratio" time="1.188" /><testcase classname="tests.test_optimization_equivalence" name="test_same_percentile_ranks_for_focus_companies" time="0.304" /><testcase classname="tests.test_optimization_equivalence" name="test_same_percentile_table_for_focus_companies" time="0.166" /><testcase classname="tests.test_optimization_equivalence" name="test_same_sector_median_trend" time="0.168" /><testcase classname="tests.test_optimization_equivalence" name="test_focus_sources_match_fact_ratios" time="0.126" /><testcase classname="tests.test_optimization_equivalence" name="test_unchanged_queries_still_return_fixture_ratios" time="0.101" /><testcase classname="tests.test_ratios" name="test_every_ratio_in_config_has_a_function" time="0.025" /><testcase classname="tests.test_ratios" name="test_empty_inputs_yield_null_with_reason[gross_margin]" time="0.003" /><testcase classname="tests.test_ratios" name="test_empty_inputs_yield_null_with_reason[operating_margin]" time="0.004" /><testcase classname="tests.test_ratios" name="test_empty_inputs_yield_null_with_reason[net_margin]" time="0.003" /><testcase classname="tests.test_ratios" name="test_empty_inputs_yield_null_with_reason[current_ratio]" time="0.003" /><testcase classname="tests.test_ratios" name="test_empty_inputs_yield_null_with_reason[quick_ratio]" time="0.004" /><testcase classname="tests.test_ratios" name="test_empty_inputs_yield_null_with_reason[debt_to_equity]" time="0.003" /><testcase classname="tests.test_ratios" name="test_empty_inputs_yield_null_with_reason[liabilities_to_equity]" time="0.003" /><testcase classname="tests.test_ratios" name="test_empty_inputs_yield_null_with_reason[roa]" time="0.003" /><testcase classname="tests.test_ratios" name="test_empty_inputs_yield_null_with_reason[roe]" time="0.003" /><testcase classname="tests.test_ratios" name="test_empty_inputs_yield_null_with_reason[asset_turnover]" time="0.003" /><testcase classname="tests.test_ratios" name="test_empty_inputs_yield_null_with_reason[free_cash_flow]" time="0.003" /><testcase classname="tests.test_ratios" name="test_empty_inputs_yield_null_with_reason[working_capital]" time="0.003" /><testcase classname="tests.test_ratios" name="test_empty_inputs_yield_null_with_reason[yoy_revenue_growth]" time="0.003" /><testcase classname="tests.test_ratios" name="test_gross_margin_prefers_reported_gross_profit" time="0.002" /><testcase classname="tests.test_ratios" name="test_gross_margin_falls_back_to_cogs" time="0.002" /><testcase classname="tests.test_ratios" name="test_gross_margin_zero_revenue" time="0.002" /><testcase classname="tests.test_ratios" name="test_gross_margin_missing_second_input" time="0.003" /><testcase classname="tests.test_ratios" name="test_operating_and_net_margin" time="0.002" /><testcase classname="tests.test_ratios" name="test_current_ratio_and_zero_denominator" time="0.003" /><testcase classname="tests.test_ratios" name="test_quick_ratio_estimated_when_inventory_missing" time="0.002" /><testcase classname="tests.test_ratios" name="test_debt_to_equity_components_and_reasons" time="0.003" /><testcase classname="tests.test_ratios" name="test_liabilities_to_equity" time="0.002" /><testcase classname="tests.test_ratios" name="test_returns_and_turnover" time="0.002" /><testcase classname="tests.test_ratios" name="test_free_cash_flow_and_working_capital" time="0.002" /><testcase classname="tests.test_ratios" name="test_yoy_growth_reasons" time="0.002" /><testcase classname="tests.test_ratios" name="test_derived_inputs_propagate_status" time="0.002" /><testcase classname="tests.test_ratios" name="test_never_silently_zero" time="0.002" /><testcase classname="tests.test_ratios" name="test_real_filing_fixtures_match_hand_computed" time="0.003" /><testcase classname="tests.test_rules_continuity" name="test_R07_period_continuity" time="0.316" /><testcase classname="tests.test_rules_continuity" name="test_R08_quarters_sum_to_annual" time="0.227" /><testcase classname="tests.test_rules_identity" name="test_R01_balance_sheet_identity" time="0.279" /><testcase classname="tests.test_rules_identity" name="test_R02_liabilities_plus_equity" time="0.262" /><testcase classname="tests.test_rules_identity" name="test_R16_gross_profit_consistency" time="0.294" /><testcase classname="tests.test_rules_identity" name="test_R17_cash_flow_identity" time="0.306" /><testcase classname="tests.test_rules_identity" name="test_R18_eps_consistency" time="0.278" /><testcase classname="tests.test_rules_outlier_completeness" name="test_R13_outlier_robust_z" time="0.356" /><testcase classname="tests.test_rules_outlier_completeness" name="test_R14_missing_mandatory_tags" time="0.321" /><testcase classname="tests.test_rules_outlier_completeness" name="test_R15_unit_inconsistency" time="0.273" /><testcase classname="tests.test_rules_referential" name="test_R19_fiscal_period_validity" time="0.251" /><testcase classname="tests.test_rules_referential" name="test_R20_tag_referential_integrity" time="0.259" /><testcase classname="tests.test_rules_referential" name="test_R21_instant_duration_consistency" time="0.275" /><testcase classname="tests.test_rules_restatement_duplicate" name="test_restatements_table_keeps_both_and_marks_latest_authoritative" time="0.212" /><testcase classname="tests.test_rules_restatement_duplicate" name="test_amendment_wins_ties_on_filing_date" time="0.197" /><testcase classname="tests.test_rules_restatement_duplicate" name="test_R09_restatement_detected" time="0.275" /><testcase classname="tests.test_rules_restatement_duplicate" name="test_R10_amendment_detected" time="0.250" /><testcase classname="tests.test_rules_restatement_duplicate" name="test_R11_duplicate_filing" time="0.247" /><testcase classname="tests.test_rules_restatement_duplicate" name="test_R12_duplicate_fact_rows" time="0.244" /><testcase classname="tests.test_rules_sign_plausibility" name="test_R03_sign_conventions" time="0.295" /><testcase classname="tests.test_rules_sign_plausibility" name="test_R04_revenue_nonnegative" time="0.267" /><testcase classname="tests.test_rules_sign_plausibility" name="test_R05_current_assets_le_total_assets" time="0.247" /><testcase classname="tests.test_rules_sign_plausibility" name="test_R06_current_liabilities_le_total_liabilities" time="0.327" /><testcase classname="tests.test_rules_sign_plausibility" name="test_R22_value_magnitude_plausibility" time="0.260" /><testcase classname="tests.test_sector_precompute" name="test_latest_value_and_company_set_identical" time="0.239" /><testcase classname="tests.test_sector_precompute" name="test_percentile_identical_including_ties" time="0.210" /><testcase classname="tests.test_sector_precompute" name="test_percentile_table_identical" time="0.216" /><testcase classname="tests.test_sector_precompute" name="test_yearly_median_identical" time="0.204" /><testcase classname="tests.test_sector_precompute" name="test_no_list_column_in_optimized_query" time="0.209" /></testsuite></testsuites>